Flutter crash report.
Please report a bug at https://github.com/flutter/flutter/issues.

## command

flutter --no-version-check attach -d 192.168.100.10:42589 --pid-file /tmp/flutter.pid

## exception

StateError: Bad state: Stream has already been listened to.

```
#0      _StreamController._subscribe (dart:async/stream_controller.dart:695:7)
#1      _ControllerStream._createSubscription (dart:async/stream_controller.dart:854:20)
#2      _StreamImpl.listen (dart:async/stream_impl.dart:516:42)
#3      new _ForwardingStreamSubscription (dart:async/stream_pipe.dart:141:37)
#4      _ForwardingStream._createSubscription (dart:async/stream_pipe.dart:105:16)
#5      _ForwardingStream.listen (dart:async/stream_pipe.dart:96:12)
#6      FlutterDevice.connect (package:flutter_tools/src/resident_runner.dart:239:35)
#7      ResidentRunner.connectToServiceProtocol (package:flutter_tools/src/resident_runner.dart:1307:21)
#8      HotRunner._attach (package:flutter_tools/src/run_hot.dart:255:13)
#9      HotRunner.attach (package:flutter_tools/src/run_hot.dart:240:12)
#10     AttachCommand._attachToDevice (package:flutter_tools/src/commands/attach.dart:414:31)
<asynchronous suspension>
#11     AttachCommand.runCommand (package:flutter_tools/src/commands/attach.dart:272:5)
<asynchronous suspension>
#12     FlutterCommand.run.<anonymous closure> (package:flutter_tools/src/runner/flutter_command.dart:1563:27)
<asynchronous suspension>
#13     AppContext.run.<anonymous closure> (package:flutter_tools/src/base/context.dart:154:19)
<asynchronous suspension>
#14     CommandRunner.runCommand (package:args/command_runner.dart:212:13)
<asynchronous suspension>
#15     FlutterCommandRunner.runCommand.<anonymous closure> (package:flutter_tools/src/runner/flutter_command_runner.dart:494:9)
<asynchronous suspension>
#16     AppContext.run.<anonymous closure> (package:flutter_tools/src/base/context.dart:154:19)
<asynchronous suspension>
#17     FlutterCommandRunner.runCommand (package:flutter_tools/src/runner/flutter_command_runner.dart:431:5)
<asynchronous suspension>
#18     run.<anonymous closure>.<anonymous closure> (package:flutter_tools/runner.dart:98:11)
<asynchronous suspension>
#19     AppContext.run.<anonymous closure> (package:flutter_tools/src/base/context.dart:154:19)
<asynchronous suspension>
#20     main (package:flutter_tools/executable.dart:102:3)
<asynchronous suspension>
```

## flutter doctor

```
[✓] Flutter (Channel stable, 3.32.8, on Ubuntu 24.04.3 LTS 6.17.0-20-generic, locale en_US.UTF-8) [553ms]
    • Flutter version 3.32.8 on channel stable at /home/biwot/snap/flutter/common/flutter
    • Upstream repository https://github.com/flutter/flutter.git
    • Framework revision edada7c56e (9 months ago), 2025-07-25 14:08:03 +0000
    • Engine revision ef0cd00091
    • Dart version 3.8.1
    • DevTools version 2.45.1

[!] Android toolchain - develop for Android devices (Android SDK version 34.0.0) [774ms]
    • Android SDK at /home/biwot/Android/Sdk
    • Platform android-36, build-tools 34.0.0
    • ANDROID_HOME = /home/biwot/Android
    • ANDROID_SDK_ROOT = /home/biwot/Android
    • Java binary at: /snap/android-studio/209/jbr/bin/java
      This is the JDK bundled with the latest Android Studio installation on this machine.
      To manually set the JDK path, use: `flutter config --jdk-dir="path/to/jdk"`.
    • Java version OpenJDK Runtime Environment (build 21.0.7+-13880790-b1038.58)
    ✗ Android license status unknown.
      Run `flutter doctor --android-licenses` to accept the SDK licenses.
      See https://flutter.dev/to/linux-android-setup for more details.

[✓] Chrome - develop for the web [34ms]
    • Chrome at google-chrome

[✓] Linux toolchain - develop for Linux desktop [11.5s]
    • clang version 10.0.0-4ubuntu1
    • cmake version 3.16.3
    • ninja version 1.10.0
    • pkg-config version 0.29.1
    • OpenGL core renderer: llvmpipe (LLVM 20.1.2, 256 bits)
    • OpenGL core version: 4.5 (Core Profile) Mesa 25.0.7-0ubuntu0.24.04.2
    • OpenGL core shading language version: 4.50
    • OpenGL ES renderer: llvmpipe (LLVM 20.1.2, 256 bits)
    • OpenGL ES version: OpenGL ES 3.2 Mesa 25.0.7-0ubuntu0.24.04.2
    • OpenGL ES shading language version: OpenGL ES GLSL ES 3.20
    • GL_EXT_framebuffer_blit: yes
    • GL_EXT_texture_format_BGRA8888: yes

[✓] Android Studio (version 2025.1.2) [27ms]
    • Android Studio at /snap/android-studio/205
    • Flutter plugin can be installed from:
      🔨 https://plugins.jetbrains.com/plugin/9212-flutter
    • Dart plugin can be installed from:
      🔨 https://plugins.jetbrains.com/plugin/6351-dart
    • Java version OpenJDK Runtime Environment (build 21.0.6+-13391695-b895.109)

[✓] Android Studio (version 2023.3) [15ms]
    • Android Studio at /opt/android-studio
    • Flutter plugin can be installed from:
      🔨 https://plugins.jetbrains.com/plugin/9212-flutter
    • Dart plugin can be installed from:
      🔨 https://plugins.jetbrains.com/plugin/6351-dart
    • Java version OpenJDK Runtime Environment (build 17.0.10+0-17.0.10b1087.21-11572160)

[✓] Android Studio (version 2025.1.3) [14ms]
    • Android Studio at /snap/android-studio/209
    • Flutter plugin can be installed from:
      🔨 https://plugins.jetbrains.com/plugin/9212-flutter
    • Dart plugin can be installed from:
      🔨 https://plugins.jetbrains.com/plugin/6351-dart
    • Java version OpenJDK Runtime Environment (build 21.0.7+-13880790-b1038.58)

[✓] VS Code (version unknown) [14ms]
    • VS Code at /usr/share/code
    • Flutter extension version 3.132.0
    ✗ Unable to determine VS Code version.

[✓] Connected device (3 available) [864ms]
    • TECNO CK6 (mobile) • 192.168.100.10:42589 • android-arm64  • Android 14 (API 34)
    • Linux (desktop)    • linux                • linux-x64      • Ubuntu 24.04.3 LTS 6.17.0-20-generic
    • Chrome (web)       • chrome               • web-javascript • Google Chrome 140.0.7339.185

[✓] Network resources [5.7s]
    • All expected network resources are available.

! Doctor found issues in 1 category.
```
